[
    "supergiant-pluto-sombrero",
    "supergiant-pluto-tadpole",
    "supergiant-quaoar-andromeda",
    "supergiant-quaoar-backward",
    "supergiant-quaoar-bode",
    "supergiant-quaoar-cigar",
    "supergiant-quaoar-hong",
    "supergiant-quaoar-milkyway",
    "supergiant-quaoar-pinwheel",
    "supergiant-quaoar-sombrero",
    "supergiant-quaoar-tadpole",
    "supergiant-saturn-andromeda",
    "supergiant-saturn-backward"
]
