[
    "teal-tapir",
    "teal-chamois",
    "teal-fish",
    "teal-lobster",
    "teal-seahorse",
    "teal-goshawk",
    "teal-boar",
    "teal-butterfly",
    "teal-curlew",
    "teal-kangaroo",
    "teal-mink",
    "teal-dolphin",
    "teal-marten"
]
